  TF-SkyBros.cpp
D:\Estudios\Ciclo 3\Algoritmos y Estructura de Datos\Trabajo Final\Hito 2\Hito_2_SkyBros_TF\TF-SkyBros\GestorServicios.h(157,49): warning C4267: 'argument': conversion from 'size_t' to 'int', possible loss of data
  (compiling source file '/TF-SkyBros.cpp')
  
D:\Estudios\Ciclo 3\Algoritmos y Estructura de Datos\Trabajo Final\Hito 2\Hito_2_SkyBros_TF\TF-SkyBros\GestorServicios.h(160,62): warning C4267: 'argument': conversion from 'size_t' to 'int', possible loss of data
  (compiling source file '/TF-SkyBros.cpp')
  
D:\Estudios\Ciclo 3\Algoritmos y Estructura de Datos\Trabajo Final\Hito 2\Hito_2_SkyBros_TF\TF-SkyBros\GestorServicios.h(165,66): warning C4267: 'argument': conversion from 'size_t' to 'int', possible loss of data
  (compiling source file '/TF-SkyBros.cpp')
  
D:\Estudios\Ciclo 3\Algoritmos y Estructura de Datos\Trabajo Final\Hito 2\Hito_2_SkyBros_TF\TF-SkyBros\GestorServicios.h(172,62): warning C4267: 'argument': conversion from 'size_t' to 'int', possible loss of data
  (compiling source file '/TF-SkyBros.cpp')
  
D:\Estudios\Ciclo 3\Algoritmos y Estructura de Datos\Trabajo Final\Hito 2\Hito_2_SkyBros_TF\TF-SkyBros\GestorServicios.h(174,62): warning C4267: 'argument': conversion from 'size_t' to 'int', possible loss of data
  (compiling source file '/TF-SkyBros.cpp')
  
D:\Estudios\Ciclo 3\Algoritmos y Estructura de Datos\Trabajo Final\Hito 2\Hito_2_SkyBros_TF\TF-SkyBros\Hash.h(83,19): warning C4244: 'argument': conversion from 'time_t' to 'unsigned int', possible loss of data
  (compiling source file '/TF-SkyBros.cpp')
  
D:\Estudios\Ciclo 3\Algoritmos y Estructura de Datos\Trabajo Final\Hito 2\Hito_2_SkyBros_TF\TF-SkyBros\Hash.h(227,50): warning C4267: 'argument': conversion from 'size_t' to 'int', possible loss of data
  (compiling source file '/TF-SkyBros.cpp')
  
D:\Estudios\Ciclo 3\Algoritmos y Estructura de Datos\Trabajo Final\Hito 2\Hito_2_SkyBros_TF\TF-SkyBros\Grafos.h(132,20): warning C4267: 'initializing': conversion from 'size_t' to 'int', possible loss of data
  (compiling source file '/TF-SkyBros.cpp')
  
D:\Estudios\Ciclo 3\Algoritmos y Estructura de Datos\Trabajo Final\Hito 2\Hito_2_SkyBros_TF\TF-SkyBros\TF-SkyBros.cpp(16,15): warning C4244: 'argument': conversion from 'time_t' to 'unsigned int', possible loss of data
  (compiling source file '/TF-SkyBros.cpp')
  
D:\Estudios\Ciclo 3\Algoritmos y Estructura de Datos\Trabajo Final\Hito 2\Hito_2_SkyBros_TF\TF-SkyBros\GestorVuelo.h(353,50): warning C4267: 'argument': conversion from 'size_t' to 'int', possible loss of data
  (compiling source file '/TF-SkyBros.cpp')
      D:\Estudios\Ciclo 3\Algoritmos y Estructura de Datos\Trabajo Final\Hito 2\Hito_2_SkyBros_TF\TF-SkyBros\GestorVuelo.h(353,50):
      the template instantiation context (the oldest one first) is
          D:\Estudios\Ciclo 3\Algoritmos y Estructura de Datos\Trabajo Final\Hito 2\Hito_2_SkyBros_TF\TF-SkyBros\TF-SkyBros.cpp(32,38):
          see reference to class template instantiation 'GestorVuelos<std::string>' being compiled
          D:\Estudios\Ciclo 3\Algoritmos y Estructura de Datos\Trabajo Final\Hito 2\Hito_2_SkyBros_TF\TF-SkyBros\GestorVuelo.h(342,10):
          while compiling class template member function 'void GestorVuelos<std::string>::mostrarTodosLosVuelos(void)'
              D:\Estudios\Ciclo 3\Algoritmos y Estructura de Datos\Trabajo Final\Hito 2\Hito_2_SkyBros_TF\TF-SkyBros\TF-SkyBros.cpp(55,59):
              see the first reference to 'GestorVuelos<std::string>::mostrarTodosLosVuelos' in 'main'
  
D:\Estudios\Ciclo 3\Algoritmos y Estructura de Datos\Trabajo Final\Hito 2\Hito_2_SkyBros_TF\TF-SkyBros\GestorVuelo.h(314,51): warning C4267: 'argument': conversion from 'size_t' to 'int', possible loss of data
  (compiling source file '/TF-SkyBros.cpp')
      D:\Estudios\Ciclo 3\Algoritmos y Estructura de Datos\Trabajo Final\Hito 2\Hito_2_SkyBros_TF\TF-SkyBros\GestorVuelo.h(314,51):
      the template instantiation context (the oldest one first) is
          D:\Estudios\Ciclo 3\Algoritmos y Estructura de Datos\Trabajo Final\Hito 2\Hito_2_SkyBros_TF\TF-SkyBros\GestorVuelo.h(307,10):
          while compiling class template member function 'void GestorVuelos<std::string>::filtrarPorEscalas(void)'
              D:\Estudios\Ciclo 3\Algoritmos y Estructura de Datos\Trabajo Final\Hito 2\Hito_2_SkyBros_TF\TF-SkyBros\TF-SkyBros.cpp(76,55):
              see the first reference to 'GestorVuelos<std::string>::filtrarPorEscalas' in 'main'
  
D:\Estudios\Ciclo 3\Algoritmos y Estructura de Datos\Trabajo Final\Hito 2\Hito_2_SkyBros_TF\TF-SkyBros\GestorVuelo.h(330,50): warning C4267: 'argument': conversion from 'size_t' to 'int', possible loss of data
  (compiling source file '/TF-SkyBros.cpp')
  
D:\Estudios\Ciclo 3\Algoritmos y Estructura de Datos\Trabajo Final\Hito 2\Hito_2_SkyBros_TF\TF-SkyBros\GestorVuelo.h(294,50): warning C4267: 'argument': conversion from 'size_t' to 'int', possible loss of data
  (compiling source file '/TF-SkyBros.cpp')
      D:\Estudios\Ciclo 3\Algoritmos y Estructura de Datos\Trabajo Final\Hito 2\Hito_2_SkyBros_TF\TF-SkyBros\GestorVuelo.h(294,50):
      the template instantiation context (the oldest one first) is
          D:\Estudios\Ciclo 3\Algoritmos y Estructura de Datos\Trabajo Final\Hito 2\Hito_2_SkyBros_TF\TF-SkyBros\GestorVuelo.h(268,10):
          while compiling class template member function 'void GestorVuelos<std::string>::filtrarPorAerolinea(void)'
              D:\Estudios\Ciclo 3\Algoritmos y Estructura de Datos\Trabajo Final\Hito 2\Hito_2_SkyBros_TF\TF-SkyBros\TF-SkyBros.cpp(72,57):
              see the first reference to 'GestorVuelos<std::string>::filtrarPorAerolinea' in 'main'
  
D:\Estudios\Ciclo 3\Algoritmos y Estructura de Datos\Trabajo Final\Hito 2\Hito_2_SkyBros_TF\TF-SkyBros\GestorVuelo.h(250,69): warning C4267: 'argument': conversion from 'size_t' to 'int', possible loss of data
  (compiling source file '/TF-SkyBros.cpp')
      D:\Estudios\Ciclo 3\Algoritmos y Estructura de Datos\Trabajo Final\Hito 2\Hito_2_SkyBros_TF\TF-SkyBros\GestorVuelo.h(250,69):
      the template instantiation context (the oldest one first) is
          D:\Estudios\Ciclo 3\Algoritmos y Estructura de Datos\Trabajo Final\Hito 2\Hito_2_SkyBros_TF\TF-SkyBros\GestorVuelo.h(243,10):
          while compiling class template member function 'void GestorVuelos<std::string>::filtrarPorPrecio(void)'
              D:\Estudios\Ciclo 3\Algoritmos y Estructura de Datos\Trabajo Final\Hito 2\Hito_2_SkyBros_TF\TF-SkyBros\TF-SkyBros.cpp(68,54):
              see the first reference to 'GestorVuelos<std::string>::filtrarPorPrecio' in 'main'
  
D:\Estudios\Ciclo 3\Algoritmos y Estructura de Datos\Trabajo Final\Hito 2\Hito_2_SkyBros_TF\TF-SkyBros\GestorVuelo.h(256,46): warning C4267: 'argument': conversion from 'size_t' to 'int', possible loss of data
  (compiling source file '/TF-SkyBros.cpp')
  
D:\Estudios\Ciclo 3\Algoritmos y Estructura de Datos\Trabajo Final\Hito 2\Hito_2_SkyBros_TF\TF-SkyBros\GestorVuelo.h(226,50): warning C4267: 'argument': conversion from 'size_t' to 'int', possible loss of data
  (compiling source file '/TF-SkyBros.cpp')
      D:\Estudios\Ciclo 3\Algoritmos y Estructura de Datos\Trabajo Final\Hito 2\Hito_2_SkyBros_TF\TF-SkyBros\GestorVuelo.h(226,50):
      the template instantiation context (the oldest one first) is
          D:\Estudios\Ciclo 3\Algoritmos y Estructura de Datos\Trabajo Final\Hito 2\Hito_2_SkyBros_TF\TF-SkyBros\GestorVuelo.h(198,10):
          while compiling class template member function 'void GestorVuelos<std::string>::buscarVuelos(void)'
              D:\Estudios\Ciclo 3\Algoritmos y Estructura de Datos\Trabajo Final\Hito 2\Hito_2_SkyBros_TF\TF-SkyBros\TF-SkyBros.cpp(64,50):
              see the first reference to 'GestorVuelos<std::string>::buscarVuelos' in 'main'
  
D:\Estudios\Ciclo 3\Algoritmos y Estructura de Datos\Trabajo Final\Hito 2\Hito_2_SkyBros_TF\TF-SkyBros\GestorReservas.h(442,49): warning C4267: 'argument': conversion from 'size_t' to 'int', possible loss of data
  (compiling source file '/TF-SkyBros.cpp')
      D:\Estudios\Ciclo 3\Algoritmos y Estructura de Datos\Trabajo Final\Hito 2\Hito_2_SkyBros_TF\TF-SkyBros\GestorReservas.h(442,49):
      the template instantiation context (the oldest one first) is
          D:\Estudios\Ciclo 3\Algoritmos y Estructura de Datos\Trabajo Final\Hito 2\Hito_2_SkyBros_TF\TF-SkyBros\TF-SkyBros.cpp(24,38):
          see reference to class template instantiation 'ArbolReservas<Vuelo<std::string>>' being compiled
          D:\Estudios\Ciclo 3\Algoritmos y Estructura de Datos\Trabajo Final\Hito 2\Hito_2_SkyBros_TF\TF-SkyBros\GestorReservas.h(431,9):
          while compiling class template member function 'int ArbolReservas<Vuelo<std::string>>::mostrarReservasEnumeradas(void)'
              D:\Estudios\Ciclo 3\Algoritmos y Estructura de Datos\Trabajo Final\Hito 2\Hito_2_SkyBros_TF\TF-SkyBros\TF-SkyBros.cpp(117,59):
              see the first reference to 'ArbolReservas<Vuelo<std::string>>::mostrarReservasEnumeradas' in 'main'
  
D:\Estudios\Ciclo 3\Algoritmos y Estructura de Datos\Trabajo Final\Hito 2\Hito_2_SkyBros_TF\TF-SkyBros\FormularioVuelo.h(559,46): warning C4267: 'argument': conversion from 'size_t' to 'int', possible loss of data
  (compiling source file '/TF-SkyBros.cpp')
      D:\Estudios\Ciclo 3\Algoritmos y Estructura de Datos\Trabajo Final\Hito 2\Hito_2_SkyBros_TF\TF-SkyBros\FormularioVuelo.h(559,46):
      the template instantiation context (the oldest one first) is
          D:\Estudios\Ciclo 3\Algoritmos y Estructura de Datos\Trabajo Final\Hito 2\Hito_2_SkyBros_TF\TF-SkyBros\TF-SkyBros.cpp(59,58):
          see reference to class template instantiation 'FormularioBusquedaVuelos<std::string>' being compiled
          D:\Estudios\Ciclo 3\Algoritmos y Estructura de Datos\Trabajo Final\Hito 2\Hito_2_SkyBros_TF\TF-SkyBros\FormularioVuelo.h(514,10):
          while compiling class template member function 'void FormularioBusquedaVuelos<std::string>::buscarFormulariosPorDestino(void)'
              D:\Estudios\Ciclo 3\Algoritmos y Estructura de Datos\Trabajo Final\Hito 2\Hito_2_SkyBros_TF\TF-SkyBros\FormularioVuelo.h(198,44):
              see the first reference to 'FormularioBusquedaVuelos<std::string>::buscarFormulariosPorDestino' in 'FormularioBusquedaVuelos<std::string>::mostrarMenu'
              D:\Estudios\Ciclo 3\Algoritmos y Estructura de Datos\Trabajo Final\Hito 2\Hito_2_SkyBros_TF\TF-SkyBros\TF-SkyBros.cpp(60,47):
              see the first reference to 'FormularioBusquedaVuelos<std::string>::mostrarMenu' in 'main'
  
D:\Estudios\Ciclo 3\Algoritmos y Estructura de Datos\Trabajo Final\Hito 2\Hito_2_SkyBros_TF\TF-SkyBros\FormularioVuelo.h(294,46): warning C4267: 'argument': conversion from 'size_t' to 'int', possible loss of data
  (compiling source file '/TF-SkyBros.cpp')
      D:\Estudios\Ciclo 3\Algoritmos y Estructura de Datos\Trabajo Final\Hito 2\Hito_2_SkyBros_TF\TF-SkyBros\FormularioVuelo.h(294,46):
      the template instantiation context (the oldest one first) is
          D:\Estudios\Ciclo 3\Algoritmos y Estructura de Datos\Trabajo Final\Hito 2\Hito_2_SkyBros_TF\TF-SkyBros\FormularioVuelo.h(210,10):
          while compiling class template member function 'void FormularioBusquedaVuelos<std::string>::completarFormulario(void)'
              D:\Estudios\Ciclo 3\Algoritmos y Estructura de Datos\Trabajo Final\Hito 2\Hito_2_SkyBros_TF\TF-SkyBros\FormularioVuelo.h(189,36):
              see the first reference to 'FormularioBusquedaVuelos<std::string>::completarFormulario' in 'FormularioBusquedaVuelos<std::string>::mostrarMenu'
              D:\Estudios\Ciclo 3\Algoritmos y Estructura de Datos\Trabajo Final\Hito 2\Hito_2_SkyBros_TF\TF-SkyBros\TF-SkyBros.cpp(60,47):
              see the first reference to 'FormularioBusquedaVuelos<std::string>::mostrarMenu' in 'main'
  
D:\Estudios\Ciclo 3\Algoritmos y Estructura de Datos\Trabajo Final\Hito 2\Hito_2_SkyBros_TF\TF-SkyBros\FormularioVuelo.h(467,46): warning C4267: 'argument': conversion from 'size_t' to 'int', possible loss of data
  (compiling source file '/TF-SkyBros.cpp')
      D:\Estudios\Ciclo 3\Algoritmos y Estructura de Datos\Trabajo Final\Hito 2\Hito_2_SkyBros_TF\TF-SkyBros\FormularioVuelo.h(467,46):
      the template instantiation context (the oldest one first) is
          D:\Estudios\Ciclo 3\Algoritmos y Estructura de Datos\Trabajo Final\Hito 2\Hito_2_SkyBros_TF\TF-SkyBros\FormularioVuelo.h(439,10):
          while compiling class template member function 'void FormularioBusquedaVuelos<std::string>::mostrarTodasLasBusquedas(void)'
              D:\Estudios\Ciclo 3\Algoritmos y Estructura de Datos\Trabajo Final\Hito 2\Hito_2_SkyBros_TF\TF-SkyBros\FormularioVuelo.h(422,37):
              see the first reference to 'FormularioBusquedaVuelos<std::string>::mostrarTodasLasBusquedas' in 'FormularioBusquedaVuelos<std::string>::mostrarHistorialBusquedas'
              D:\Estudios\Ciclo 3\Algoritmos y Estructura de Datos\Trabajo Final\Hito 2\Hito_2_SkyBros_TF\TF-SkyBros\FormularioVuelo.h(195,42):
              see the first reference to 'FormularioBusquedaVuelos<std::string>::mostrarHistorialBusquedas' in 'FormularioBusquedaVuelos<std::string>::mostrarMenu'
              D:\Estudios\Ciclo 3\Algoritmos y Estructura de Datos\Trabajo Final\Hito 2\Hito_2_SkyBros_TF\TF-SkyBros\TF-SkyBros.cpp(60,47):
              see the first reference to 'FormularioBusquedaVuelos<std::string>::mostrarMenu' in 'main'
  
D:\Estudios\Ciclo 3\Algoritmos y Estructura de Datos\Trabajo Final\Hito 2\Hito_2_SkyBros_TF\TF-SkyBros\FormularioVuelo.h(476,46): warning C4267: 'argument': conversion from 'size_t' to 'int', possible loss of data
  (compiling source file '/TF-SkyBros.cpp')
  
  AssemblyInfo.obj : MSIL module encountered; incremental linking is disabled for MSIL; performing full link
  TF-SkyBros.vcxproj -> D:\Estudios\Ciclo 3\Algoritmos y Estructura de Datos\Trabajo Final\Hito 2\Hito_2_SkyBros_TF\x64\Debug\TF-SkyBros.exe
